[
  {
    "class": "User",
    "id": 1,
    "name": "gabriel"
  },
  {
    "class": "User",
    "id": 2,
    "name": "andres"
  },
  {
    "class": "User",
    "id": 3,
    "name": "miguel"
  }
]