{
  "class": "Request",
  "isSuccess": false,
  "networkError": {
    "class": "NotFound"
  }
}