{
  "class": "Pair",
  "first": 1,
  "second": {
    "class": "User",
    "id": 1,
    "name": "gabriel"
  }
}