{
  "class": "Developer",
  "name": "Pedro",
  "yearsInTheCompany": 3
}