{
  "__class__": "LinkedHashMap",
  "product": [
    {
      "__class__": "User",
      "id": 1,
      "name": "gabriel"
    }
  ],
  "sales": [
    {
      "__class__": "User",
      "id": 1,
      "name": "ramon"
    }
  ],
  "mobile": [
    {
      "__class__": "Developer",
      "name": "gabriel",
      "githubStars": 3
    },
    {
      "__class__": "Developer",
      "name": "andres",
      "githubStars": 3
    },
    {
      "__class__": "Developer",
      "name": "miguel",
      "githubStars": 3
    }
  ]
}