{
  "class": "Request",
  "isSuccess": false,
  "networkError": {
    "class": "InternalServerError",
    "message": "SQLException"
  }
}