{
  "class": "BadRequest",
  "error": "Body is required."
}