{
  "class": "LocalDateTime",
  "date": {
    "class": "LocalDate",
    "year": 2007,
    "month": 12,
    "day": 3
  },
  "time": {
    "class": "LocalTime",
    "hour": 10,
    "minute": 15,
    "second": 30,
    "nano": 0
  }
}