{
  "class": "Developer",
  "name": "Sergio",
  "yearsInTheCompany": 2
}