[
  {
    "class": "Developer",
    "name": "gabriel",
    "githubStars": 3
  },
  {
    "class": "Developer",
    "name": "andres",
    "githubStars": 3
  },
  {
    "class": "Developer",
    "name": "miguel",
    "githubStars": 3
  }
]