{
  "class": "Developer",
  "name": "Davide",
  "yearsInTheCompany": 4
}