"\u001b[31mReceived value\u001b[0m does not match \u001b[32mstored snapshot: \"should print diff to a readable console message\"\u001b[0m\n\n\u001b[32m-Snapshot\u001b[0m\n\u001b[31m+Received\u001b[0m\n\n {\"name\":\"\n\u001b[32m- gabriel\n\u001b[0m\u001b[31m+ andres\n\u001b[0m \",\"id\":5}\n"